node.exe : ΓÜá Warning: Next.js inferred your 
workspace root, but it may not be correct.
At C:\Program Files\nodejs\npx.ps1:29 char:3
+   & $NODE_EXE $NPX_CLI_JS $args
+   ~~~~~~~~~~~~~~~~~~~~~~~~~~~~~
    + CategoryInfo          : NotSpecified: ( 
   ΓÜá Warning: Ne...not be correct.:String)  
   [], RemoteException
    + FullyQualifiedErrorId : NativeCommandEr 
   ror
 
 We detected multiple lockfiles and selected 
the directory of 
C:\Users\mail2\package-lock.json as the root 
directory.
 To silence this warning, set 
`turbopack.root` in your Next.js config, or 
consider removing one of the lockfiles if 
it's not needed.
   See https://nextjs.org/docs/app/api-referen
ce/config/next-config-js/turbopack#root-direct
ory for more information.
 Detected additional lockfiles: 
   * C:\Users\mail2\Downloads\Foxt\hrflow\pack
age-lock.json

Γû▓ Next.js 16.1.6 (Turbopack)
- Environments: .env.local

  Creating an optimized production build ...

> Build error occurred
Error: Turbopack build failed with 2 errors:
./Downloads/Foxt/hrflow/src/app/app/layout.tsx
:26:1
Module not found: Can't resolve 
'../../../components/FoxLogo'
[0m [90m 24 |[39m     
[33mIconBolt[39m[33m,[39m
 [90m 25 |[39m } [36mfrom[39m 
[32m'@tabler/icons-react'[39m[33m;[39m
[31m[1m>[22m[39m[90m 26 |[39m 
[36mimport[39m { [33mFoxLogoWithText[39m 
} [36mfrom[39m [32m'../../../components/Fox
Logo'[39m[33m;[39m
 [90m    |[39m [31m[1m^[22m[39m[31m[1m
^[22m[39m[31m[1m^[22m[39m[31m[1m^[22m
[39m[31m[1m^[22m[39m[31m[1m^[22m[39m
[31m[1m^[22m[39m[31m[1m^[22m[39m[31m[
1m^[22m[39m[31m[1m^[22m[39m[31m[1m^[2
2m[39m[31m[1m^[22m[39m[31m[1m^[22m[39
m[31m[1m^[22m[39m[31m[1m^[22m[39m[31m
[1m^[22m[39m[31m[1m^[22m[39m[31m[1m^
[22m[39m[31m[1m^[22m[39m[31m[1m^[22m[
39m[31m[1m^[22m[39m[31m[1m^[22m[39m[3
1m[1m^[22m[39m[31m[1m^[22m[39m[31m[1m
^[22m[39m[31m[1m^[22m[39m[31m[1m^[22m
[39m[31m[1m^[22m[39m[31m[1m^[22m[39m
[31m[1m^[22m[39m[31m[1m^[22m[39m[31m[
1m^[22m[39m[31m[1m^[22m[39m[31m[1m^[2
2m[39m[31m[1m^[22m[39m[31m[1m^[22m[39
m[31m[1m^[22m[39m[31m[1m^[22m[39m[31m
[1m^[22m[39m[31m[1m^[22m[39m[31m[1m^
[22m[39m[31m[1m^[22m[39m[31m[1m^[22m[
39m[31m[1m^[22m[39m[31m[1m^[22m[39m[3
1m[1m^[22m[39m[31m[1m^[22m[39m[31m[1m
^[22m[39m[31m[1m^[22m[39m[31m[1m^[22m
[39m[31m[1m^[22m[39m[31m[1m^[22m[39m
[31m[1m^[22m[39m[31m[1m^[22m[39m[31m[
1m^[22m[39m[31m[1m^[22m[39m[31m[1m^[2
2m[39m[31m[1m^[22m[39m[31m[1m^[22m[39
m[31m[1m^[22m[39m[31m[1m^[22m[39m[31m
[1m^[22m[39m
 [90m 27 |[39m [36mimport[39m { 
[33mPoweredByFoxit[39m } [36mfrom[39m [32
m'../../../components/PoweredByFoxit'[39m[33
m;[39m
 [90m 28 |[39m
 [90m 29 |[39m [36mconst[39m 
[33mNAV_ITEMS[39m [33m=[39m [[0m



Import traces:
  Client Component Browser:
    ./Downloads/Foxt/hrflow/src/app/app/layout
.tsx [Client Component Browser]
    ./Downloads/Foxt/hrflow/src/app/app/layout
.tsx [Server Component]

  Client Component SSR:
    ./Downloads/Foxt/hrflow/src/app/app/layout
.tsx [Client Component SSR]
    ./Downloads/Foxt/hrflow/src/app/app/layout
.tsx [Server Component]

https://nextjs.org/docs/messages/module-not-fo
und


./Downloads/Foxt/hrflow/src/app/app/layout.tsx
:27:1
Module not found: Can't resolve 
'../../../components/PoweredByFoxit'
[0m [90m 25 |[39m } [36mfrom[39m 
[32m'@tabler/icons-react'[39m[33m;[39m
 [90m 26 |[39m [36mimport[39m { 
[33mFoxLogoWithText[39m } [36mfrom[39m [3
2m'../../../components/FoxLogo'[39m[33m;[39
m
[31m[1m>[22m[39m[90m 27 |[39m 
[36mimport[39m { [33mPoweredByFoxit[39m } 
[36mfrom[39m [32m'../../../components/Power
edByFoxit'[39m[33m;[39m
 [90m    |[39m [31m[1m^[22m[39m[31m[1m
^[22m[39m[31m[1m^[22m[39m[31m[1m^[22m
[39m[31m[1m^[22m[39m[31m[1m^[22m[39m
[31m[1m^[22m[39m[31m[1m^[22m[39m[31m[
1m^[22m[39m[31m[1m^[22m[39m[31m[1m^[2
2m[39m[31m[1m^[22m[39m[31m[1m^[22m[39
m[31m[1m^[22m[39m[31m[1m^[22m[39m[31m
[1m^[22m[39m[31m[1m^[22m[39m[31m[1m^
[22m[39m[31m[1m^[22m[39m[31m[1m^[22m[
39m[31m[1m^[22m[39m[31m[1m^[22m[39m[3
1m[1m^[22m[39m[31m[1m^[22m[39m[31m[1m
^[22m[39m[31m[1m^[22m[39m[31m[1m^[22m
[39m[31m[1m^[22m[39m[31m[1m^[22m[39m
[31m[1m^[22m[39m[31m[1m^[22m[39m[31m[
1m^[22m[39m[31m[1m^[22m[39m[31m[1m^[2
2m[39m[31m[1m^[22m[39m[31m[1m^[22m[39
m[31m[1m^[22m[39m[31m[1m^[22m[39m[31m
[1m^[22m[39m[31m[1m^[22m[39m[31m[1m^
[22m[39m[31m[1m^[22m[39m[31m[1m^[22m[
39m[31m[1m^[22m[39m[31m[1m^[22m[39m[3
1m[1m^[22m[39m[31m[1m^[22m[39m[31m[1m
^[22m[39m[31m[1m^[22m[39m[31m[1m^[22m
[39m[31m[1m^[22m[39m[31m[1m^[22m[39m
[31m[1m^[22m[39m[31m[1m^[22m[39m[31m[
1m^[22m[39m[31m[1m^[22m[39m[31m[1m^[2
2m[39m[31m[1m^[22m[39m[31m[1m^[22m[39
m[31m[1m^[22m[39m[31m[1m^[22m[39m[31m
[1m^[22m[39m[31m[1m^[22m[39m[31m[1m^
[22m[39m[31m[1m^[22m[39m[31m[1m^[22m[
39m[31m[1m^[22m[39m[31m[1m^[22m[39m
 [90m 28 |[39m
 [90m 29 |[39m [36mconst[39m 
[33mNAV_ITEMS[39m [33m=[39m [
 [90m 30 |[39m     { href[33m:[39m 
[32m'/app'[39m[33m,[39m label[33m:[39m 
[32m'Dashboard'[39m[33m,[39m 
icon[33m:[39m [33mIconHome[39m 
}[33m,[39m[0m



Import traces:
  Client Component Browser:
    ./Downloads/Foxt/hrflow/src/app/app/layout
.tsx [Client Component Browser]
    ./Downloads/Foxt/hrflow/src/app/app/layout
.tsx [Server Component]

  Client Component SSR:
    ./Downloads/Foxt/hrflow/src/app/app/layout
.tsx [Client Component SSR]
    ./Downloads/Foxt/hrflow/src/app/app/layout
.tsx [Server Component]

https://nextjs.org/docs/messages/module-not-fo
und


    at <unknown> (./Downloads/Foxt/hrflow/src/
app/app/layout.tsx:26:1)
    at <unknown> (https://nextjs.org/docs/mess
ages/module-not-found)
    at <unknown> (./Downloads/Foxt/hrflow/src/
app/app/layout.tsx:27:1)
    at <unknown> (https://nextjs.org/docs/mess
ages/module-not-found)
